++++++++++++++++++++++++++++++++++++++++++++++++++++++ case1 +++++++++++++++++++++++++++++++++++++++++++++++++++++
expectOutput:
{
  "code": 10000,
  "token": "397d7c28-06d4-382d-8854-4af3f143d945",
  "error": null
}
response:
{
  "error": null,
  "token": "397d7c28-06d4-382d-8854-4af3f143d945",
  "code": 10000
}
testResult:
fail

++++++++++++++++++++++++++++++++++++++++++++++++++++++ case2 +++++++++++++++++++++++++++++++++++++++++++++++++++++
expectOutput:
{
  "code": 10000,
  "token": "397d7c28-06d4-382d-8854-4af3f143d945",
  "error": null
}
response:
{
  "error": null,
  "token": "397d7c28-06d4-382d-8854-4af3f143d945",
  "code": 10000
}
testResult:
fail

++++++++++++++++++++++++++++++++++++++++++++++++++++++ case3 +++++++++++++++++++++++++++++++++++++++++++++++++++++
expectOutput:
{
  "code": 10000,
  "data": [
    {
      "id": 7,
      "value": "5061<==>127.0.0.1:5060"
    }
  ],
  "error": null
}
response:
{
  "error": null,
  "data": [],
  "code": 10000
}
testResult:
fail

++++++++++++++++++++++++++++++++++++++++++++++++++++++ case1 +++++++++++++++++++++++++++++++++++++++++++++++++++++
expectOutput:
{
  "code": 10000,
  "token": "397d7c28-06d4-382d-8854-4af3f143d945",
  "error": null
}
response:
{
  "error": null,
  "token": "397d7c28-06d4-382d-8854-4af3f143d945",
  "code": 10000
}
testResult:
fail

++++++++++++++++++++++++++++++++++++++++++++++++++++++ case2 +++++++++++++++++++++++++++++++++++++++++++++++++++++
expectOutput:
{
  "code": 10000,
  "token": "397d7c28-06d4-382d-8854-4af3f143d945",
  "error": null
}
response:
{
  "error": null,
  "token": "397d7c28-06d4-382d-8854-4af3f143d945",
  "code": 10000
}
testResult:
fail

++++++++++++++++++++++++++++++++++++++++++++++++++++++ case3 +++++++++++++++++++++++++++++++++++++++++++++++++++++
expectOutput:
{
  "code": 10000,
  "data": [
    {
      "id": 7,
      "value": "5061<==>127.0.0.1:5060"
    }
  ],
  "error": null
}
response:
{
  "error": null,
  "data": [],
  "code": 10000
}
testResult:
fail

++++++++++++++++++++++++++++++++++++++++++++++++++++++ case1 +++++++++++++++++++++++++++++++++++++++++++++++++++++
expectOutput:
{
  "code": 10000,
  "token": "397d7c28-06d4-382d-8854-4af3f143d945",
  "error": null
}
response:
{
  "error": null,
  "token": "397d7c28-06d4-382d-8854-4af3f143d945",
  "code": 10000
}
testResult:
fail

++++++++++++++++++++++++++++++++++++++++++++++++++++++ case2 +++++++++++++++++++++++++++++++++++++++++++++++++++++
expectOutput:
{
  "code": 10000,
  "token": "397d7c28-06d4-382d-8854-4af3f143d945",
  "error": null
}
response:
{
  "error": null,
  "token": "397d7c28-06d4-382d-8854-4af3f143d945",
  "code": 10000
}
testResult:
fail

++++++++++++++++++++++++++++++++++++++++++++++++++++++ case3 +++++++++++++++++++++++++++++++++++++++++++++++++++++
expectOutput:
{
  "code": 10000,
  "data": [
    {
      "id": 7,
      "value": "5061<==>127.0.0.1:5060"
    }
  ],
  "error": null
}
response:
{
  "error": null,
  "data": [],
  "code": 10000
}
testResult:
fail

++++++++++++++++++++++++++++++++++++++++++++++++++++++ case1 +++++++++++++++++++++++++++++++++++++++++++++++++++++
expectOutput:
{
  "code": 10000,
  "token": "397d7c28-06d4-382d-8854-4af3f143d945",
  "error": null
}
response:
{
  "error": null,
  "token": "397d7c28-06d4-382d-8854-4af3f143d945",
  "code": 10000
}
testResult:
fail

++++++++++++++++++++++++++++++++++++++++++++++++++++++ case2 +++++++++++++++++++++++++++++++++++++++++++++++++++++
expectOutput:
{
  "code": 10000,
  "token": "397d7c28-06d4-382d-8854-4af3f143d945",
  "error": null
}
response:
{
  "error": null,
  "token": "397d7c28-06d4-382d-8854-4af3f143d945",
  "code": 10000
}
testResult:
fail

++++++++++++++++++++++++++++++++++++++++++++++++++++++ case3 +++++++++++++++++++++++++++++++++++++++++++++++++++++
expectOutput:
{
  "code": 10000,
  "data": [
    {
      "id": 7,
      "value": "5061<==>127.0.0.1:5060"
    }
  ],
  "error": null
}
response:
{
  "error": null,
  "data": [],
  "code": 10000
}
testResult:
fail

